// Jest Snapshot v1, https://goo.gl/fbAQLP

exports[`components/Code should render 1`] = `
<code
  className="makeStyles-root-1 B"
>
  A
</code>
`;
